******************************************************************************
                  TI ARM Linker PC v20.2.5                     
******************************************************************************
>> Linked Sat May 22 14:54:44 2021

OUTPUT FILE NAME:   <HCSR_04.out>
ENTRY POINT SYMBOL: "_c_int00_noargs"  address: 00000be5


MEMORY CONFIGURATION

         name            origin    length      used     unused   attr    fill
----------------------  --------  ---------  --------  --------  ----  --------
  FLASH                 00000000   00040000  00000f02  0003f0fe  R  X
  SRAM                  20000000   00008000  00000488  00007b78  RW X


SEGMENT ALLOCATION MAP

run origin  load origin   length   init length attrs members
----------  ----------- ---------- ----------- ----- -------
00000000    00000000    00000f08   00000f08    r-x
  00000000    00000000    0000026c   0000026c    r-- .intvecs
  0000026c    0000026c    00000b3e   00000b3e    r-x .text
  00000dac    00000dac    00000110   00000110    r-- .const
  00000ec0    00000ec0    00000048   00000048    r-- .cinit
20000000    20000000    0000048c   00000000    rw-
  20000000    20000000    0000026c   00000000    rw- .vtable
  20000270    20000270    00000200   00000000    rw- .stack
  20000470    20000470    0000001c   00000000    rw- .data


SECTION ALLOCATION MAP

 output                                  attributes/
section   page    origin      length       input sections
--------  ----  ----------  ----------   ----------------
.intvecs   0    00000000    0000026c     
                  00000000    0000026c     tm4c123gh6pm_startup_ccs.obj (.intvecs)

.text      0    0000026c    00000b3e     
                  0000026c    0000022c     main.obj (.text)
                  00000498    0000016c     driverlib.lib : gpio.obj (.text:GPIOPadConfigSet)
                  00000604    00000118                   : sysctl.obj (.text:SysCtlClockGet)
                  0000071c    000000f4                   : sysctl.obj (.text:SysCtlClockSet)
                  00000810    0000009c     rtsv7M4_T_le_v4SPD16_eabi.lib : memcpy_t2.asm.obj (.text)
                  000008ac    0000006e                                   : ltoa.c.obj (.text:ltoa)
                  0000091a    00000002     --HOLE-- [fill = 0]
                  0000091c    00000068     driverlib.lib : interrupt.obj (.text:IntEnable)
                  00000984    00000068     rtsv7M4_T_le_v4SPD16_eabi.lib : copy_decompress_lzss.c.obj (.text:decompress:lzss:__TI_decompress_lzss)
                  000009ec    00000060     driverlib.lib : timer.obj (.text:TimerConfigure)
                  00000a4c    00000058                   : gpio.obj (.text:GPIOIntTypeSet)
                  00000aa4    0000004c                   : gpio.obj (.text:GPIOPinConfigure)
                  00000af0    00000046                   : uart.obj (.text:UARTConfigSetExpClk)
                  00000b36    00000002     --HOLE-- [fill = 0]
                  00000b38    00000044     rtsv7M4_T_le_v4SPD16_eabi.lib : autoinit.c.obj (.text:__TI_auto_init_nobinit_nopinit:__TI_auto_init_nobinit_nopinit)
                  00000b7c    00000034     driverlib.lib : interrupt.obj (.text:IntRegister)
                  00000bb0    00000034                   : sysctl.obj (.text:SysCtlPeripheralEnable)
                  00000be4    00000034     rtsv7M4_T_le_v4SPD16_eabi.lib : boot_cortex_m.c.obj (.text:_c_int00_noargs:_c_int00_noargs)
                  00000c18    0000002c     driverlib.lib : gpio.obj (.text:GPIODirModeSet)
                  00000c44    00000020                   : uart.obj (.text:UARTDisable)
                  00000c64    0000001c     rtsv7M4_T_le_v4SPD16_eabi.lib : copy_zero_init.c.obj (.text:decompress:ZI:__TI_zero_init_nomemset:__TI_zero_init_nomemset)
                  00000c80    0000001a     driverlib.lib : gpio.obj (.text:GPIOPinTypeGPIOOutput)
                  00000c9a    00000002     --HOLE-- [fill = 0]
                  00000c9c    00000018                   : timer.obj (.text:TimerDisable)
                  00000cb4    00000016                   : gpio.obj (.text:GPIOPinTypeGPIOInput)
                  00000cca    00000016                   : gpio.obj (.text:GPIOPinTypeUART)
                  00000ce0    00000014                   : uart.obj (.text:UARTEnable)
                  00000cf4    00000014     rtsv7M4_T_le_v4SPD16_eabi.lib : strcpy.c.obj (.text:strcpy)
                  00000d08    00000012     driverlib.lib : timer.obj (.text:TimerLoadSet)
                  00000d1a    00000010                   : interrupt.obj (.text:IntMasterEnable)
                  00000d2a    0000000e                   : timer.obj (.text:TimerEnable)
                  00000d38    0000000e     rtsv7M4_T_le_v4SPD16_eabi.lib : copy_decompress_none.c.obj (.text:decompress:none:__TI_decompress_none)
                  00000d46    0000000c     driverlib.lib : cpu.obj (.text:CPUcpsie)
                  00000d52    0000000c                   : gpio.obj (.text:GPIOIntEnable)
                  00000d5e    0000000c     tm4c123gh6pm_startup_ccs.obj (.text)
                  00000d6a    0000000a     driverlib.lib : timer.obj (.text:TimerValueGet)
                  00000d74    0000000a                   : uart.obj (.text:UARTCharPut)
                  00000d7e    00000008                   : timer.obj (.text:TimerIntEnable)
                  00000d86    00000006                   : gpio.obj (.text:GPIOIntClear)
                  00000d8c    00000006                   : gpio.obj (.text:GPIOPinRead)
                  00000d92    00000006                   : gpio.obj (.text:GPIOPinWrite)
                  00000d98    00000006                   : sysctl.obj (.text:SysCtlDelay)
                  00000d9e    00000004                   : timer.obj (.text:TimerIntClear)
                  00000da2    00000004     rtsv7M4_T_le_v4SPD16_eabi.lib : pre_init.c.obj (.text:_system_pre_init)
                  00000da6    00000004                                   : exit.c.obj (.text:abort:abort)

.const     0    00000dac    00000110     
                  00000dac    00000090     driverlib.lib : gpio.obj (.const:g_pui32GPIOBaseAddrs)
                  00000e3c    0000006c                   : sysctl.obj (.const:g_pui32Xtals)
                  00000ea8    00000014                   : interrupt.obj (.const:g_pui32EnRegs)

.cinit     0    00000ec0    00000048     
                  00000ec0    0000001d     (.cinit..data.load) [load image, compression = lzss]
                  00000edd    00000003     --HOLE-- [fill = 0]
                  00000ee0    0000000c     (__TI_handler_table)
                  00000eec    00000004     --HOLE-- [fill = 0]
                  00000ef0    00000008     (.cinit..vtable.load) [load image, compression = zero_init]
                  00000ef8    00000010     (__TI_cinit_table)

.init_array 
*          0    00000000    00000000     UNINITIALIZED

.vtable    0    20000000    0000026c     UNINITIALIZED
                  20000000    0000026c     driverlib.lib : interrupt.obj (.vtable)

.data      0    20000470    0000001c     UNINITIALIZED
                  20000470    0000000d     main.obj (.data:ui8WelcomeText)
                  2000047d    00000003     --HOLE--
                  20000480    0000000c     main.obj (.data)

.stack     0    20000270    00000200     UNINITIALIZED
                  20000270    00000004     rtsv7M4_T_le_v4SPD16_eabi.lib : boot_cortex_m.c.obj (.stack)
                  20000274    000001fc     --HOLE--

__llvm_prf_cnts 
*          0    20000000    00000000     UNINITIALIZED

MODULE SUMMARY

       Module                         code   ro data   rw data
       ------                         ----   -------   -------
    .\
       tm4c123gh6pm_startup_ccs.obj   12     620       0      
       main.obj                       556    0         25     
    +--+------------------------------+------+---------+---------+
       Total:                         568    620       25     
                                                              
    C:/ti/TivaWare_C_Series-2.2.0.295/driverlib/ccs/Debug/driverlib.lib
       gpio.obj                       672    144       0      
       interrupt.obj                  172    20        620    
       sysctl.obj                     582    108       0      
       timer.obj                      174    0         0      
       uart.obj                       132    0         0      
       cpu.obj                        12     0         0      
    +--+------------------------------+------+---------+---------+
       Total:                         1744   272       620    
                                                              
    C:\ti\ccs1020\ccs\tools\compiler\ti-cgt-arm_20.2.5.LTS\lib\rtsv7M4_T_le_v4SPD16_eabi.lib
       memcpy_t2.asm.obj              156    0         0      
       ltoa.c.obj                     110    0         0      
       copy_decompress_lzss.c.obj     104    0         0      
       autoinit.c.obj                 68     0         0      
       boot_cortex_m.c.obj            52     0         0      
       copy_zero_init.c.obj           28     0         0      
       strcpy.c.obj                   20     0         0      
       copy_decompress_none.c.obj     14     0         0      
       exit.c.obj                     4      0         0      
       pre_init.c.obj                 4      0         0      
    +--+------------------------------+------+---------+---------+
       Total:                         560    0         0      
                                                              
       Stack:                         0      0         512    
       Linker Generated:              0      65        0      
    +--+------------------------------+------+---------+---------+
       Grand Total:                   2872   957       1157   


LINKER GENERATED COPY TABLES

__TI_cinit_table @ 00000ef8 records: 2, size/record: 8, table size: 16
	.data: load addr=00000ec0, load size=0000001d bytes, run addr=20000470, run size=0000001c bytes, compression=lzss
	.vtable: load addr=00000ef0, load size=00000008 bytes, run addr=20000000, run size=0000026c bytes, compression=zero_init


LINKER GENERATED HANDLER TABLE

__TI_handler_table @ 00000ee0 records: 3, size/record: 4, table size: 12
	index: 0, handler: __TI_zero_init
	index: 1, handler: __TI_decompress_lzss
	index: 2, handler: __TI_decompress_none


GLOBAL SYMBOLS: SORTED ALPHABETICALLY BY Name 

address   name                          
-------   ----                          
00000da7  C$$EXIT                       
00000d47  CPUcpsie                      
00000c19  GPIODirModeSet                
00000d87  GPIOIntClear                  
00000d53  GPIOIntEnable                 
0000026d  GPIOIntHandler                
00000a4d  GPIOIntTypeSet                
00000499  GPIOPadConfigSet              
00000aa5  GPIOPinConfigure              
00000d8d  GPIOPinRead                   
00000cb5  GPIOPinTypeGPIOInput          
00000c81  GPIOPinTypeGPIOOutput         
00000ccb  GPIOPinTypeUART               
00000d93  GPIOPinWrite                  
0000091d  IntEnable                     
00000d1b  IntMasterEnable               
00000b7d  IntRegister                   
00000d5f  ResetISR                      
00000605  SysCtlClockGet                
0000071d  SysCtlClockSet                
00000d99  SysCtlDelay                   
00000bb1  SysCtlPeripheralEnable        
0000032b  Timer0IntHandler              
000009ed  TimerConfigure                
00000c9d  TimerDisable                  
00000d2b  TimerEnable                   
00000d9f  TimerIntClear                 
00000d7f  TimerIntEnable                
00000d09  TimerLoadSet                  
00000d6b  TimerValueGet                 
00000d75  UARTCharPut                   
00000af1  UARTConfigSetExpClk           
00000c45  UARTDisable                   
00000ce1  UARTEnable                    
20000470  __STACK_END                   
00000200  __STACK_SIZE                  
20000470  __STACK_TOP                   
00000ef8  __TI_CINIT_Base               
00000f08  __TI_CINIT_Limit              
00000ee0  __TI_Handler_Table_Base       
00000eec  __TI_Handler_Table_Limit      
00000b39  __TI_auto_init_nobinit_nopinit
00000985  __TI_decompress_lzss          
00000d39  __TI_decompress_none          
ffffffff  __TI_pprof_out_hndl           
ffffffff  __TI_prof_data_size           
ffffffff  __TI_prof_data_start          
00000000  __TI_static_base__            
00000c65  __TI_zero_init_nomemset       
00000811  __aeabi_memcpy                
00000811  __aeabi_memcpy4               
00000811  __aeabi_memcpy8               
ffffffff  __binit__                     
ffffffff  __c_args__                    
UNDEFED   __mpu_init                    
20000270  __stack                       
20000000  __start___llvm_prf_cnts       
20000000  __stop___llvm_prf_cnts        
00000be5  _c_int00_noargs               
UNDEFED   _system_post_cinit            
00000da3  _system_pre_init              
00000da7  abort                         
ffffffff  binit                         
20000480  boolTrigCondition             
20000000  g_pfnRAMVectors               
00000000  g_pfnVectors                  
000008ad  ltoa                          
0000034b  main                          
00000811  memcpy                        
00000cf5  strcpy                        
20000484  ui32EchoDuration              
20000488  ui32ObstacleDist              
20000470  ui8WelcomeText                


GLOBAL SYMBOLS: SORTED BY Symbol Address 

address   name                          
-------   ----                          
00000000  __TI_static_base__            
00000000  g_pfnVectors                  
00000200  __STACK_SIZE                  
0000026d  GPIOIntHandler                
0000032b  Timer0IntHandler              
0000034b  main                          
00000499  GPIOPadConfigSet              
00000605  SysCtlClockGet                
0000071d  SysCtlClockSet                
00000811  __aeabi_memcpy                
00000811  __aeabi_memcpy4               
00000811  __aeabi_memcpy8               
00000811  memcpy                        
000008ad  ltoa                          
0000091d  IntEnable                     
00000985  __TI_decompress_lzss          
000009ed  TimerConfigure                
00000a4d  GPIOIntTypeSet                
00000aa5  GPIOPinConfigure              
00000af1  UARTConfigSetExpClk           
00000b39  __TI_auto_init_nobinit_nopinit
00000b7d  IntRegister                   
00000bb1  SysCtlPeripheralEnable        
00000be5  _c_int00_noargs               
00000c19  GPIODirModeSet                
00000c45  UARTDisable                   
00000c65  __TI_zero_init_nomemset       
00000c81  GPIOPinTypeGPIOOutput         
00000c9d  TimerDisable                  
00000cb5  GPIOPinTypeGPIOInput          
00000ccb  GPIOPinTypeUART               
00000ce1  UARTEnable                    
00000cf5  strcpy                        
00000d09  TimerLoadSet                  
00000d1b  IntMasterEnable               
00000d2b  TimerEnable                   
00000d39  __TI_decompress_none          
00000d47  CPUcpsie                      
00000d53  GPIOIntEnable                 
00000d5f  ResetISR                      
00000d6b  TimerValueGet                 
00000d75  UARTCharPut                   
00000d7f  TimerIntEnable                
00000d87  GPIOIntClear                  
00000d8d  GPIOPinRead                   
00000d93  GPIOPinWrite                  
00000d99  SysCtlDelay                   
00000d9f  TimerIntClear                 
00000da3  _system_pre_init              
00000da7  C$$EXIT                       
00000da7  abort                         
00000ee0  __TI_Handler_Table_Base       
00000eec  __TI_Handler_Table_Limit      
00000ef8  __TI_CINIT_Base               
00000f08  __TI_CINIT_Limit              
20000000  __start___llvm_prf_cnts       
20000000  __stop___llvm_prf_cnts        
20000000  g_pfnRAMVectors               
20000270  __stack                       
20000470  __STACK_END                   
20000470  __STACK_TOP                   
20000470  ui8WelcomeText                
20000480  boolTrigCondition             
20000484  ui32EchoDuration              
20000488  ui32ObstacleDist              
ffffffff  __TI_pprof_out_hndl           
ffffffff  __TI_prof_data_size           
ffffffff  __TI_prof_data_start          
ffffffff  __binit__                     
ffffffff  __c_args__                    
ffffffff  binit                         
UNDEFED   __mpu_init                    
UNDEFED   _system_post_cinit            

[73 symbols]
